<?xml version="1.0" encoding="UTF-8"?>
<result xmlns:http="http://expath.org/ns/http-client">
    <http:response message="OK" spent-millis="297" status="200">
        <http:header name="content-type" value="application/xml"/>
        <http:header name="matched-stub-id" value="fbef452b-a3f9-4bd5-8c93-219394b6e67c"/>
        <http:header name="vary" value="Accept-Encoding, User-Agent"/>
        <http:header name="transfer-encoding" value="chunked"/>
        <http:header name="server" value="Jetty(9.2.28.v20190418)"/>
        <http:body media-type="application/xml"/>
    </http:response>
    <response>SUCCESS</response>
</result>
